\BOOKMARK [1][-]{section.1}{\376\377\137\025\212\000}{}% 1
\BOOKMARK [1][-]{section.2}{\376\377\166\370\121\163\135\345\117\134}{}% 2
\BOOKMARK [2][-]{subsection.2.1}{\376\377\147\201\172\357\163\257\130\203\206\313\166\175\215\104\156\220\116\016\230\204\155\113\126\150}{section.2}% 3
\BOOKMARK [2][-]{subsection.2.2}{\376\377\206\313\166\175\213\355\212\000\152\041\127\213\116\016\123\302\145\160\232\330\145\110\220\002\221\115}{section.2}% 4
\BOOKMARK [2][-]{subsection.2.3}{\376\377\147\052\167\345\116\016\220\350\122\006\150\007\173\176\133\146\116\140}{section.2}% 5
\BOOKMARK [2][-]{subsection.2.4}{\376\377\176\323\147\204\147\141\116\366\206\313\166\175\213\276\213\241\116\016\213\304\116\367}{section.2}% 6
\BOOKMARK [1][-]{section.3}{\376\377\145\160\143\156\226\306\116\016\150\007\173\176\147\204\136\372}{}% 7
\BOOKMARK [2][-]{subsection.3.1}{\376\377\131\032\147\145\156\220\145\066\226\306\116\016\136\217\122\027\121\163\200\124}{section.3}% 8
\BOOKMARK [2][-]{subsection.3.2}{\376\377\121\155\116\373\122\241\116\011\140\001\150\007\173\176}{section.3}% 9
\BOOKMARK [2][-]{subsection.3.3}{\376\377\126\372\133\232\122\022\122\006\116\016\176\323\147\204\133\120\226\306}{section.3}% 10
\BOOKMARK [1][-]{section.4}{\376\377\145\271\154\325}{}% 11
\BOOKMARK [2][-]{subsection.4.1}{\376\377\225\356\230\230\133\232\116\111}{section.4}% 12
\BOOKMARK [2][-]{subsection.4.2}{\376\377\000M\000a\000r\000s\000C\000l\000a\000s\000s\121\161\116\253\206\313\166\175\213\355\212\000\152\041\127\213\116\016\121\155\217\223\121\372\122\006\174\173\131\064}{section.4}% 13
\BOOKMARK [2][-]{subsection.4.3}{\376\377\143\011\116\373\122\241\137\122\116\000\123\026\166\204\000M\000a\000s\000k\000e\000d\000-\000B\000C\000E}{section.4}% 14
\BOOKMARK [2][-]{subsection.4.4}{\376\377\000M\000a\000r\000s\000M\000P\000N\000N\200\124\124\010\000L\000o\000R\000A\221\315\213\276\213\241}{section.4}% 15
\BOOKMARK [2][-]{subsection.4.5}{\376\377\176\323\147\204\116\016\210\150\227\142\162\171\137\201\213\304\116\367}{section.4}% 16
\BOOKMARK [2][-]{subsection.4.6}{\376\377\126\372\133\232\155\113\213\325\226\306\221\315\213\276\213\241\116\016\121\273\176\323\126\336\213\304}{section.4}% 17
\BOOKMARK [1][-]{section.5}{\376\377\133\236\232\214\123\117\213\256}{}% 18
\BOOKMARK [2][-]{subsection.5.1}{\376\377\122\006\174\173\153\324\217\203}{section.5}% 19
\BOOKMARK [2][-]{subsection.5.2}{\376\377\230\204\155\113\143\007\150\007\116\016\000M\000a\000s\000k\155\210\207\215}{section.5}% 20
\BOOKMARK [2][-]{subsection.5.3}{\376\377\213\276\213\241\213\304\116\367\116\016\176\337\213\241\122\006\147\220}{section.5}% 21
\BOOKMARK [2][-]{subsection.5.4}{\376\377\126\372\133\232\155\113\213\325\126\336\213\304\176\337\213\241}{section.5}% 22
\BOOKMARK [1][-]{section.6}{\376\377\176\323\147\234}{}% 23
\BOOKMARK [2][-]{subsection.6.1}{\376\377\177\072\131\061\150\007\173\176\141\037\167\345\133\146\116\140\145\071\125\204\230\204\155\113\210\150\163\260}{section.6}% 24
\BOOKMARK [2][-]{subsection.6.2}{\376\377\133\214\145\164\147\145\156\220\154\333\123\026}{section.6}% 25
\BOOKMARK [2][-]{subsection.6.3}{\376\377\121\161\116\253\220\002\221\115\217\276\122\060\116\016\131\015\147\102\116\023\133\266\174\373\176\337\166\370\217\321\166\204\210\150\163\260}{section.6}% 26
\BOOKMARK [2][-]{subsection.6.4}{\376\377\000M\000a\000s\000k\133\371\161\147\123\072\122\006\150\007\173\176\213\355\116\111\116\016\150\007\173\176\145\160\221\317}{section.6}% 27
\BOOKMARK [2][-]{subsection.6.5}{\376\377\220\020\116\373\122\241\145\057\143\001\211\304\152\041\116\016\150\041\121\306}{section.6}% 28
\BOOKMARK [2][-]{subsection.6.6}{\376\377\123\071\221\115\171\315\133\120\230\206\127\337\220\002\221\115\145\071\123\330\210\150\227\142\176\304\142\020}{section.6}% 29
\BOOKMARK [2][-]{subsection.6.7}{\376\377\176\323\147\204\117\335\143\001\116\016\121\205\220\350\230\204\155\113\116\000\201\364\140\047}{section.6}% 30
\BOOKMARK [2][-]{subsection.6.8}{\376\377\126\372\133\232\155\113\213\325\226\306\126\336\213\304\143\320\117\233\116\000\201\364\166\204\143\222\136\217\117\341\123\367}{section.6}% 31
\BOOKMARK [1][-]{section.7}{\376\377\213\250\213\272}{}% 32
\BOOKMARK [1][-]{section.8}{\376\377\134\100\226\120\140\047}{}% 33
\BOOKMARK [1][-]{section.9}{\376\377\176\323\213\272}{}% 34
\BOOKMARK [1][-]{section*.2}{\376\377\000R\000e\000f\000e\000r\000e\000n\000c\000e\000s}{}% 35
